// Jest Snapshot v1, https://goo.gl/fbAQLP

exports[`Properties snapshot 1`] = `
<DocumentFragment>
  <div
    class="properties"
  >
    <div
      class="side-bar"
    >
      <h2
        class="side-bar-heading"
      >
        Filter By City
      </h2>
      <ul
        class="side-bar-list"
      >
        <li
          class="side-bar-item"
        >
          <a
            class="side-bar-link"
            href="/?query={\\"city\\":\\"Manchester\\"}"
          >
            Manchester
          </a>
        </li>
        <li
          class="side-bar-item"
        >
          <a
            class="side-bar-link"
            href="/?query={\\"city\\":\\"Leeds\\"}"
          >
            Leeds
          </a>
        </li>
        <li
          class="side-bar-item"
        >
          <a
            class="side-bar-link"
            href="/?query={\\"city\\":\\"Sheffield\\"}"
          >
            Sheffield
          </a>
        </li>
        <li
          class="side-bar-item"
        >
          <a
            class="side-bar-link"
            href="/?query={\\"city\\":\\"Liverpool\\"}"
          >
            Liverpool
          </a>
        </li>
      </ul>
      <h2
        class="side-bar-heading"
      >
        Sort By Price
      </h2>
      <ul
        class="side-bar-list"
      >
        <li
          class="side-bar-item"
        >
          <a
            class="side-bar-link"
            href="/?sort={\\"price\\":-1}"
          >
            Ascending
          </a>
        </li>
        <li
          class="side-bar-item"
        >
          <a
            class="side-bar-link"
            href="/?sort={\\"price\\":1}"
          >
            Descending
          </a>
        </li>
      </ul>
      <h2
        class="side-bar-heading"
      >
        Search by Title
      </h2>
      <form
        class="side-bar-search-form"
      >
        <div
          class="side-bar-search"
        >
          <label
            for="query"
          >
            <input
              class="side-bar-search-input"
              id="query"
            />
          </label>
          <button
            class="side-bar-search-submit"
            type="submit"
          >
            <img
              alt="search"
              src="search.png"
            />
          </button>
        </div>
      </form>
    </div>
    <div
      class="properties-main"
    >
      <div
        class="properties-array"
      />
    </div>
  </div>
</DocumentFragment>
`;
